// Jest Snapshot v1, https://goo.gl/fbAQLP

exports[`matches snapshot for button 1`] = `
<div
  className="App"
>
  <div
    className="input-line"
  >
    <div
      className="buttons"
    >
      <div
        className="input"
      >
        0
      </div>
    </div>
  </div>
  <div
    className="button-line1 buttons"
  >
    <div
      className="button"
    >
      <button
        onClick={[Function]}
        type="submit"
      >
        AC
      </button>
    </div>
    <div
      className="button"
    >
      <button
        onClick={[Function]}
        type="submit"
      >
        7
      </button>
    </div>
    <div
      className="button"
    >
      <button
        onClick={[Function]}
        type="submit"
      >
        4
      </button>
    </div>
    <div
      className="button"
    >
      <button
        onClick={[Function]}
        type="submit"
      >
        1
      </button>
    </div>
    <div
      className="button"
    >
      <button
        onClick={[Function]}
        type="submit"
      >
        0
      </button>
    </div>
  </div>
  <div
    className="button-line2 buttons"
  >
    <div
      className="button"
    >
      <button
        onClick={[Function]}
        type="submit"
      >
        +/-
      </button>
    </div>
    <div
      className="button"
    >
      <button
        onClick={[Function]}
        type="submit"
      >
        8
      </button>
    </div>
    <div
      className="button"
    >
      <button
        onClick={[Function]}
        type="submit"
      >
        5
      </button>
    </div>
    <div
      className="button"
    >
      <button
        onClick={[Function]}
        type="submit"
      >
        2
      </button>
    </div>
  </div>
  <div
    className="button-line3 buttons"
  >
    <div
      className="button"
    >
      <button
        onClick={[Function]}
        type="submit"
      >
        %
      </button>
    </div>
    <div
      className="button"
    >
      <button
        onClick={[Function]}
        type="submit"
      >
        9
      </button>
    </div>
    <div
      className="button"
    >
      <button
        onClick={[Function]}
        type="submit"
      >
        6
      </button>
    </div>
    <div
      className="button"
    >
      <button
        onClick={[Function]}
        type="submit"
      >
        3
      </button>
    </div>
    <div
      className="button"
    >
      <button
        onClick={[Function]}
        type="submit"
      >
        .
      </button>
    </div>
  </div>
  <div
    className="button-line4 buttons"
  >
    <div
      className="button"
    >
      <button
        onClick={[Function]}
        type="submit"
      >
        รท
      </button>
    </div>
    <div
      className="button"
    >
      <button
        onClick={[Function]}
        type="submit"
      >
        x
      </button>
    </div>
    <div
      className="button"
    >
      <button
        onClick={[Function]}
        type="submit"
      >
        -
      </button>
    </div>
    <div
      className="button"
    >
      <button
        onClick={[Function]}
        type="submit"
      >
        +
      </button>
    </div>
    <div
      className="button"
    >
      <button
        onClick={[Function]}
        type="submit"
      >
        =
      </button>
    </div>
  </div>
</div>
`;
